\BOOKMARK [0][-]{chapter.1}{\376\377\000L\000e\000a\000n\000\040\0004\000\040\000E\000n\000v\000i\000r\000o\000n\000m\000e\000n\000t\000\040\000S\000e\000t\000u\000p}{}% 1
\BOOKMARK [1][-]{section.1.1}{\376\377\000W\000h\000a\000t\000\040\000y\000o\000u\000'\000r\000e\000\040\000i\000n\000s\000t\000a\000l\000l\000i\000n\000g}{chapter.1}% 2
\BOOKMARK [1][-]{section.1.2}{\376\377\000P\000r\000e\000r\000e\000q\000u\000i\000s\000i\000t\000e\000s}{chapter.1}% 3
\BOOKMARK [1][-]{section.1.3}{\376\377\000I\000n\000s\000t\000a\000l\000l\000\040\000e\000l\000a\000n}{chapter.1}% 4
\BOOKMARK [1][-]{section.1.4}{\376\377\000I\000n\000s\000t\000a\000l\000l\000\040\000t\000h\000e\000\040\000L\000e\000a\000n\000\040\0004\000\040\000V\000S\000\040\000C\000o\000d\000e\000\040\000e\000x\000t\000e\000n\000s\000i\000o\000n}{chapter.1}% 5
\BOOKMARK [1][-]{section.1.5}{\376\377\000C\000r\000e\000a\000t\000e\000\040\000a\000\040\000p\000r\000o\000j\000e\000c\000t}{chapter.1}% 6
\BOOKMARK [2][-]{subsection.1.5.1}{\376\377\000W\000o\000r\000k\000i\000n\000g\000\040\000i\000n\000\040\000a\000n\000\040\000a\000l\000r\000e\000a\000d\000y\000-\000c\000l\000o\000n\000e\000d\000\040\000r\000e\000p\000o\000s\000i\000t\000o\000r\000y}{section.1.5}% 7
\BOOKMARK [1][-]{section.1.6}{\376\377\000V\000e\000r\000i\000f\000y\000\040\000M\000a\000t\000h\000l\000i\000b\000\040\000i\000s\000\040\000w\000i\000r\000e\000d\000\040\000u\000p}{chapter.1}% 8
\BOOKMARK [1][-]{section.1.7}{\376\377\000L\000e\000a\000n\000b\000l\000u\000e\000p\000r\000i\000n\000t\000\040\000s\000e\000t\000\040\000u\000p}{chapter.1}% 9
\BOOKMARK [2][-]{subsection.1.7.1}{\376\377\000I\000n\000s\000t\000a\000l\000l\000i\000n\000g\000\040\000i\000t}{section.1.7}% 10
\BOOKMARK [2][-]{subsection.1.7.2}{\376\377\000T\000w\000o\000\040\000d\000e\000p\000e\000n\000d\000e\000n\000c\000i\000e\000s\000\040\000f\000o\000r\000\040\000a\000\040\000f\000u\000l\000l\000\040\000l\000o\000c\000a\000l\000\040\000b\000u\000i\000l\000d}{section.1.7}% 11
\BOOKMARK [2][-]{subsection.1.7.3}{\376\377\000H\000o\000w\000\040\000b\000l\000u\000e\000p\000r\000i\000n\000t\000/\000s\000r\000c\000\040\000i\000s\000\040\000o\000r\000g\000a\000n\000i\000z\000e\000d}{section.1.7}% 12
\BOOKMARK [2][-]{subsection.1.7.4}{\376\377\000B\000u\000i\000l\000d\000\040\000c\000o\000m\000m\000a\000n\000d\000s}{section.1.7}% 13
\BOOKMARK [1][-]{section.1.8}{\376\377\000P\000r\000o\000j\000e\000c\000t\000\040\000a\000n\000a\000t\000o\000m\000y\000\040\000\050\000w\000h\000a\000t\000'\000s\000\040\000a\000c\000t\000u\000a\000l\000l\000y\000\040\000o\000n\000\040\000d\000i\000s\000k\000\051}{chapter.1}% 14
\BOOKMARK [1][-]{section.1.9}{\376\377\000C\000o\000m\000m\000a\000n\000d\000\040\000l\000i\000n\000e\000\040\000v\000s\000.\000\040\000V\000S\000\040\000C\000o\000d\000e\000\040\040\024\000\040\000t\000w\000o\000\040\000w\000a\000y\000s\000\040\000t\000o\000\040\000t\000a\000l\000k\000\040\000t\000o\000\040\000L\000e\000a\000n}{chapter.1}% 15
\BOOKMARK [1][-]{section.1.10}{\376\377\000K\000e\000e\000p\000i\000n\000g\000\040\000t\000h\000i\000n\000g\000s\000\040\000u\000p\000d\000a\000t\000e\000d}{chapter.1}% 16
\BOOKMARK [1][-]{section.1.11}{\376\377\000T\000r\000o\000u\000b\000l\000e\000s\000h\000o\000o\000t\000i\000n\000g}{chapter.1}% 17
\BOOKMARK [1][-]{section.1.12}{\376\377\000N\000e\000x\000t\000\040\000u\000p}{chapter.1}% 18
\BOOKMARK [1][-]{section.1.13}{\376\377\000R\000e\000f\000e\000r\000e\000n\000c\000e\000s}{chapter.1}% 19
\BOOKMARK [0][-]{chapter.2}{\376\377\000L\000e\000a\000n\000\040\0004\000\040\000T\000u\000t\000o\000r\000i\000a\000l}{}% 20
\BOOKMARK [1][-]{section.2.1}{\376\377\000H\000o\000w\000\040\000L\000e\000a\000n\000\040\000t\000h\000i\000n\000k\000s\000:\000\040\000g\000o\000a\000l\000s\000,\000\040\000c\000o\000n\000t\000e\000x\000t\000,\000\040\000t\000e\000r\000m\000\040\000v\000s\000.\000\040\000t\000a\000c\000t\000i\000c\000\040\000m\000o\000d\000e}{chapter.2}% 21
\BOOKMARK [1][-]{section.2.2}{\376\377\000C\000o\000r\000e\000\040\000t\000a\000c\000t\000i\000c\000s\000\040\000I\000\040\040\024\000\040\000c\000l\000o\000s\000i\000n\000g\000\040\000g\000o\000a\000l\000s}{chapter.2}% 22
\BOOKMARK [2][-]{subsection.2.2.1}{\376\377\000r\000f\000l\000\040\040\024\000\040\000r\000e\000f\000l\000e\000x\000i\000v\000i\000t\000y}{section.2.2}% 23
\BOOKMARK [2][-]{subsection.2.2.2}{\376\377\000e\000x\000a\000c\000t\000\040\040\024\000\040\000d\000i\000r\000e\000c\000t\000\040\000p\000r\000o\000o\000f}{section.2.2}% 24
\BOOKMARK [2][-]{subsection.2.2.3}{\376\377\000a\000p\000p\000l\000y\000\040\040\024\000\040\000w\000o\000r\000k\000i\000n\000g\000\040\000b\000a\000c\000k\000w\000a\000r\000d\000s}{section.2.2}% 25
\BOOKMARK [2][-]{subsection.2.2.4}{\376\377\000a\000s\000s\000u\000m\000p\000t\000i\000o\000n}{section.2.2}% 26
\BOOKMARK [2][-]{subsection.2.2.5}{\376\377\000Q\000u\000i\000c\000k\000\040\000r\000e\000f\000e\000r\000e\000n\000c\000e}{section.2.2}% 27
\BOOKMARK [1][-]{section.2.3}{\376\377\000C\000o\000r\000e\000\040\000t\000a\000c\000t\000i\000c\000s\000\040\000I\000I\000\040\040\024\000\040\000r\000e\000w\000r\000i\000t\000i\000n\000g}{chapter.2}% 28
\BOOKMARK [2][-]{subsection.2.3.1}{\376\377\000r\000w\000\040\040\024\000\040\000p\000r\000e\000c\000i\000s\000e\000,\000\040\000o\000n\000e\000\040\000s\000u\000b\000s\000t\000i\000t\000u\000t\000i\000o\000n\000\040\000a\000t\000\040\000a\000\040\000t\000i\000m\000e}{section.2.3}% 29
\BOOKMARK [2][-]{subsection.2.3.2}{\376\377\000s\000i\000m\000p\000\040\040\024\000\040\000a\000u\000t\000o\000m\000a\000t\000e\000d\000\040\000s\000i\000m\000p\000l\000i\000f\000i\000c\000a\000t\000i\000o\000n}{section.2.3}% 30
\BOOKMARK [2][-]{subsection.2.3.3}{\376\377\000n\000o\000r\000m\000\137\000n\000u\000m\000,\000\040\000n\000o\000r\000m\000\137\000c\000a\000s\000t\000,\000\040\000p\000u\000s\000h\000\137\000c\000a\000s\000t}{section.2.3}% 31
\BOOKMARK [1][-]{section.2.4}{\376\377\000C\000o\000r\000e\000\040\000t\000a\000c\000t\000i\000c\000s\000\040\000I\000I\000I\000\040\040\024\000\040\000i\000n\000t\000r\000o\000d\000u\000c\000i\000n\000g\000\040\000a\000n\000d\000\040\000s\000t\000r\000u\000c\000t\000u\000r\000i\000n\000g}{chapter.2}% 32
\BOOKMARK [2][-]{subsection.2.4.1}{\376\377\000i\000n\000t\000r\000o\000\040\040\024\000\040\000a\000s\000s\000u\000m\000i\000n\000g\000\040\000h\000y\000p\000o\000t\000h\000e\000s\000e\000s}{section.2.4}% 33
\BOOKMARK [2][-]{subsection.2.4.2}{\376\377\000h\000a\000v\000e\000\040\000a\000n\000d\000\040\000l\000e\000t\000\040\040\024\000\040\000i\000n\000t\000e\000r\000m\000e\000d\000i\000a\000t\000e\000\040\000s\000t\000e\000p\000s}{section.2.4}% 34
\BOOKMARK [2][-]{subsection.2.4.3}{\376\377\000s\000u\000f\000f\000i\000c\000e\000s\000\040\040\024\000\040\000w\000o\000r\000k\000i\000n\000g\000\040\000b\000a\000c\000k\000w\000a\000r\000d\000s\000\040\000f\000r\000o\000m\000\040\000a\000\040\000s\000t\000r\000o\000n\000g\000e\000r\000\040\000c\000l\000a\000i\000m}{section.2.4}% 35
\BOOKMARK [2][-]{subsection.2.4.4}{\376\377\000s\000h\000o\000w\000\040\040\024\000\040\000r\000e\000s\000t\000a\000t\000i\000n\000g\000\040\000t\000h\000e\000\040\000g\000o\000a\000l}{section.2.4}% 36
\BOOKMARK [1][-]{section.2.5}{\376\377\000C\000a\000s\000e\000\040\000a\000n\000a\000l\000y\000s\000i\000s\000\040\000a\000n\000d\000\040\000i\000n\000d\000u\000c\000t\000i\000o\000n}{chapter.2}% 37
\BOOKMARK [2][-]{subsection.2.5.1}{\376\377\000c\000a\000s\000e\000s\000\040\040\024\000\040\000s\000p\000l\000i\000t\000t\000i\000n\000g\000\040\000o\000n\000\040\000c\000o\000n\000s\000t\000r\000u\000c\000t\000o\000r\000s}{section.2.5}% 38
\BOOKMARK [2][-]{subsection.2.5.2}{\376\377\000i\000n\000d\000u\000c\000t\000i\000o\000n\000\040\040\024\000\040\000p\000r\000o\000o\000f\000\040\000b\000y\000\040\000m\000a\000t\000h\000e\000m\000a\000t\000i\000c\000a\000l\000\040\000i\000n\000d\000u\000c\000t\000i\000o\000n}{section.2.5}% 39
\BOOKMARK [2][-]{subsection.2.5.3}{\376\377\000r\000c\000a\000s\000e\000s\000\040\000/\000\040\000o\000b\000t\000a\000i\000n\000\040\040\024\000\040\000r\000e\000c\000u\000r\000s\000i\000v\000e\000\040\000d\000e\000s\000t\000r\000u\000c\000t\000u\000r\000i\000n\000g\000\040\000\050\000M\000a\000t\000h\000l\000i\000b\000\051}{section.2.5}% 40
\BOOKMARK [1][-]{section.2.6}{\376\377\000A\000u\000t\000o\000m\000a\000t\000i\000o\000n\000\040\000a\000n\000d\000\040\000d\000e\000c\000i\000s\000i\000o\000n\000\040\000p\000r\000o\000c\000e\000d\000u\000r\000e\000s}{chapter.2}% 41
\BOOKMARK [2][-]{subsection.2.6.1}{\376\377\000o\000m\000e\000g\000a\000\040\040\024\000\040\000l\000i\000n\000e\000a\000r\000\040\000a\000r\000i\000t\000h\000m\000e\000t\000i\000c\000\040\000o\000v\000e\000r\000\040\041\025\000/\041\044}{section.2.6}% 42
\BOOKMARK [2][-]{subsection.2.6.2}{\376\377\000r\000i\000n\000g\000\040\000/\000\040\000r\000i\000n\000g\000\137\000n\000f\000\040\040\024\000\040\000p\000o\000l\000y\000n\000o\000m\000i\000a\000l\000\040\000i\000d\000e\000n\000t\000i\000t\000i\000e\000s}{section.2.6}% 43
\BOOKMARK [2][-]{subsection.2.6.3}{\376\377\000l\000i\000n\000a\000r\000i\000t\000h\000\040\000/\000\040\000n\000l\000i\000n\000a\000r\000i\000t\000h\000\040\040\024\000\040\000l\000i\000n\000e\000a\000r\000\040\000/\000\040\000m\000i\000l\000d\000l\000y\000-\000n\000o\000n\000l\000i\000n\000e\000a\000r\000\040\000i\000n\000e\000q\000u\000a\000l\000i\000t\000i\000e\000s}{section.2.6}% 44
\BOOKMARK [2][-]{subsection.2.6.4}{\376\377\000d\000e\000c\000i\000d\000e\000\040\000/\000\040\000n\000a\000t\000i\000v\000e\000\137\000d\000e\000c\000i\000d\000e}{section.2.6}% 45
\BOOKMARK [2][-]{subsection.2.6.5}{\376\377\000a\000e\000s\000o\000p\000\040\040\024\000\040\000g\000e\000n\000e\000r\000a\000l\000\040\000a\000u\000t\000o\000m\000a\000t\000e\000d\000\040\000s\000e\000a\000r\000c\000h}{section.2.6}% 46
\BOOKMARK [2][-]{subsection.2.6.6}{\376\377\000C\000h\000o\000o\000s\000i\000n\000g\000\040\000a\000m\000o\000n\000g\000\040\000t\000h\000e\000m}{section.2.6}% 47
\BOOKMARK [1][-]{section.2.7}{\376\377\000S\000t\000r\000u\000c\000t\000u\000r\000i\000n\000g\000\040\000p\000r\000o\000o\000f\000s}{chapter.2}% 48
\BOOKMARK [2][-]{subsection.2.7.1}{\376\377\000b\000y\000\137\000c\000o\000n\000t\000r\000a\000\040\040\024\000\040\000p\000r\000o\000o\000f\000\040\000b\000y\000\040\000c\000o\000n\000t\000r\000a\000d\000i\000c\000t\000i\000o\000n}{section.2.7}% 49
\BOOKMARK [2][-]{subsection.2.7.2}{\376\377\000b\000y\000\137\000c\000a\000s\000e\000s\000\040\040\024\000\040\000s\000p\000l\000i\000t\000t\000i\000n\000g\000\040\000o\000n\000\040\000a\000\040\000p\000r\000o\000p\000o\000s\000i\000t\000i\000o\000n}{section.2.7}% 50
\BOOKMARK [2][-]{subsection.2.7.3}{\376\377\000c\000o\000n\000t\000r\000a\000p\000o\000s\000e\000\040\000/\000\040\000p\000u\000s\000h\000\137\000n\000e\000g}{section.2.7}% 51
\BOOKMARK [2][-]{subsection.2.7.4}{\376\377\000c\000a\000l\000c\000\040\040\024\000\040\000c\000a\000l\000c\000u\000l\000a\000t\000i\000o\000n\000a\000l\000\040\000p\000r\000o\000o\000f\000s}{section.2.7}% 52
\BOOKMARK [1][-]{section.2.8}{\376\377\000E\000q\000u\000a\000l\000i\000t\000y\000\040\000m\000a\000c\000h\000i\000n\000e\000r\000y\000:\000\040\000e\000x\000t\000,\000\040\000f\000u\000n\000e\000x\000t\000,\000\040\000c\000o\000n\000g\000r\000,\000\040\000s\000y\000m\000m\000,\000\040\000t\000r\000a\000n\000s}{chapter.2}% 53
\BOOKMARK [2][-]{subsection.2.8.1}{\376\377\000f\000u\000n\000e\000x\000t\000\040\000a\000n\000d\000\040\000e\000x\000t\000\040\040\024\000\040\000e\000x\000t\000e\000n\000s\000i\000o\000n\000a\000l\000i\000t\000y}{section.2.8}% 54
\BOOKMARK [2][-]{subsection.2.8.2}{\376\377\000c\000o\000n\000g\000r\000\040\040\024\000\040\000f\000r\000o\000m\000\040\000f\000u\000n\000c\000t\000i\000o\000n\000\040\000e\000q\000u\000a\000l\000i\000t\000y\000\040\000t\000o\000\040\000a\000r\000g\000u\000m\000e\000n\000t\000\040\000e\000q\000u\000a\000l\000i\000t\000y}{section.2.8}% 55
\BOOKMARK [2][-]{subsection.2.8.3}{\376\377\000s\000y\000m\000m\000\040\000/\000\040\000t\000r\000a\000n\000s}{section.2.8}% 56
\BOOKMARK [1][-]{section.2.9}{\376\377\000T\000a\000c\000t\000i\000c\000\040\000c\000o\000m\000b\000i\000n\000a\000t\000o\000r\000s}{chapter.2}% 57
\BOOKMARK [1][-]{section.2.10}{\376\377\000W\000o\000r\000k\000e\000d\000\040\000e\000x\000a\000m\000p\000l\000e\000s\000\040\040\024\000\040\000S\000e\000t\000\040\000t\000h\000e\000o\000r\000y}{chapter.2}% 58
\BOOKMARK [1][-]{section.2.11}{\376\377\000W\000o\000r\000k\000e\000d\000\040\000e\000x\000a\000m\000p\000l\000e\000s\000\040\040\024\000\040\000T\000o\000p\000o\000l\000o\000g\000y}{chapter.2}% 59
\BOOKMARK [1][-]{section.2.12}{\376\377\000W\000o\000r\000k\000e\000d\000\040\000e\000x\000a\000m\000p\000l\000e\000s\000\040\040\024\000\040\000A\000l\000g\000e\000b\000r\000a}{chapter.2}% 60
\BOOKMARK [1][-]{section.2.13}{\376\377\000R\000e\000a\000d\000i\000n\000g\000\040\000e\000r\000r\000o\000r\000s\000\040\000a\000n\000d\000\040\000d\000i\000a\000g\000n\000o\000s\000i\000n\000g\000\040\000f\000a\000i\000l\000e\000d\000\040\000p\000r\000o\000o\000f\000s}{chapter.2}% 61
\BOOKMARK [1][-]{section.2.14}{\376\377\000F\000r\000o\000m\000\040\000t\000a\000c\000t\000i\000c\000s\000\040\000t\000o\000\040\000t\000h\000e\000\040\000a\000g\000e\000n\000t\000\040\000p\000i\000p\000e\000l\000i\000n\000e}{chapter.2}% 62
\BOOKMARK [1][-]{section.2.15}{\376\377\000M\000a\000t\000h\000l\000i\000b\000\040\000c\000o\000n\000v\000e\000n\000t\000i\000o\000n\000s\000:\000\040\000n\000a\000m\000i\000n\000g\000,\000\040\000d\000o\000t\000\040\000n\000o\000t\000a\000t\000i\000o\000n\000,\000\040\000a\000n\000o\000n\000y\000m\000o\000u\000s\000\040\000c\000o\000n\000s\000t\000r\000u\000c\000t\000o\000r\000s}{chapter.2}% 63
\BOOKMARK [2][-]{subsection.2.15.1}{\376\377\000C\000a\000p\000i\000t\000a\000l\000i\000z\000a\000t\000i\000o\000n\000\040\000s\000i\000g\000n\000a\000l\000s\000\040\000t\000h\000e\000\040\000k\000i\000n\000d\000\040\000o\000f\000\040\000t\000h\000i\000n\000g}{section.2.15}% 64
\BOOKMARK [2][-]{subsection.2.15.2}{\376\377\000T\000h\000e\000\040\000s\000y\000m\000b\000o\000l\000\040\000t\000o\000\040\000w\000o\000r\000d\000\040\000d\000i\000c\000t\000i\000o\000n\000a\000r\000y}{section.2.15}% 65
\BOOKMARK [2][-]{subsection.2.15.3}{\376\377\000H\000y\000p\000o\000t\000h\000e\000s\000i\000s\000\040\000o\000r\000d\000e\000r\000i\000n\000g\000:\000\040\000`\000`\000o\000f\000'\000'}{section.2.15}% 66
\BOOKMARK [2][-]{subsection.2.15.4}{\376\377\042\144\000\040\000/\000\040\000<\000\040\000v\000s\000\040\042\145\000\040\000/\000\040\000>}{section.2.15}% 67
\BOOKMARK [2][-]{subsection.2.15.5}{\376\377\000D\000o\000t\000\040\000n\000o\000t\000a\000t\000i\000o\000n\000\040\000a\000n\000d\000\040\000t\000h\000e\000\040\000a\000n\000o\000n\000y\000m\000o\000u\000s\000\040\000c\000o\000n\000s\000t\000r\000u\000c\000t\000o\000r}{section.2.15}% 68
\BOOKMARK [2][-]{subsection.2.15.6}{\376\377\000S\000t\000r\000u\000c\000t\000u\000r\000a\000l\000\040\000s\000u\000f\000f\000i\000x\000e\000s\000\040\000w\000o\000r\000t\000h\000\040\000r\000e\000c\000o\000g\000n\000i\000z\000i\000n\000g}{section.2.15}% 69
\BOOKMARK [1][-]{section.2.16}{\376\377\000E\000x\000e\000r\000c\000i\000s\000e\000s\000\040\000\050\000w\000i\000t\000h\000\040\000w\000o\000r\000k\000e\000d\000\040\000s\000o\000l\000u\000t\000i\000o\000n\000s\000\051}{chapter.2}% 70
\BOOKMARK [1][-]{section.2.17}{\376\377\000R\000e\000f\000e\000r\000e\000n\000c\000e\000s}{chapter.2}% 71
\BOOKMARK [0][-]{chapter.3}{\376\377\000L\000e\000a\000n\000\040\0004\000\040\000T\000a\000c\000t\000i\000c\000\040\000C\000h\000e\000a\000t\000\040\000S\000h\000e\000e\000t}{}% 72
\BOOKMARK [1][-]{section.3.1}{\376\377\000R\000e\000a\000d\000i\000n\000g\000\040\000a\000\040\000g\000o\000a\000l\000\040\000s\000t\000a\000t\000e}{chapter.3}% 73
\BOOKMARK [1][-]{section.3.2}{\376\377\000C\000o\000r\000e\000\040\000/\000\040\000s\000t\000r\000u\000c\000t\000u\000r\000a\000l\000\040\040\024\000\040\000c\000l\000o\000s\000i\000n\000g\000\040\000a\000n\000d\000\040\000o\000p\000e\000n\000i\000n\000g\000\040\000g\000o\000a\000l\000s}{chapter.3}% 74
\BOOKMARK [1][-]{section.3.3}{\376\377\000R\000e\000w\000r\000i\000t\000i\000n\000g\000\040\000\046\000\040\000s\000i\000m\000p\000l\000i\000f\000i\000c\000a\000t\000i\000o\000n}{chapter.3}% 75
\BOOKMARK [1][-]{section.3.4}{\376\377\000C\000a\000s\000e\000\040\000a\000n\000a\000l\000y\000s\000i\000s\000,\000\040\000i\000n\000d\000u\000c\000t\000i\000o\000n\000,\000\040\000d\000e\000s\000t\000r\000u\000c\000t\000u\000r\000i\000n\000g}{chapter.3}% 76
\BOOKMARK [1][-]{section.3.5}{\376\377\000A\000u\000t\000o\000m\000a\000t\000i\000o\000n\000\040\000/\000\040\000d\000e\000c\000i\000s\000i\000o\000n\000\040\000p\000r\000o\000c\000e\000d\000u\000r\000e\000s}{chapter.3}% 77
\BOOKMARK [1][-]{section.3.6}{\376\377\000L\000o\000g\000i\000c\000,\000\040\000c\000o\000n\000t\000r\000a\000d\000i\000c\000t\000i\000o\000n\000,\000\040\000s\000t\000r\000u\000c\000t\000u\000r\000i\000n\000g}{chapter.3}% 78
\BOOKMARK [1][-]{section.3.7}{\376\377\000E\000q\000u\000a\000l\000i\000t\000y\000,\000\040\000e\000x\000t\000e\000n\000s\000i\000o\000n\000a\000l\000i\000t\000y\000,\000\040\000c\000o\000n\000g\000r\000u\000e\000n\000c\000e}{chapter.3}% 79
\BOOKMARK [1][-]{section.3.8}{\376\377\000C\000o\000m\000b\000i\000n\000a\000t\000o\000r\000s\000\040\000\050\000g\000l\000u\000i\000n\000g\000\040\000t\000a\000c\000t\000i\000c\000s\000\040\000t\000o\000g\000e\000t\000h\000e\000r\000\051}{chapter.3}% 80
\BOOKMARK [1][-]{section.3.9}{\376\377\000D\000e\000b\000u\000g\000g\000i\000n\000g\000\040\000\046\000\040\000d\000i\000s\000c\000o\000v\000e\000r\000y}{chapter.3}% 81
\BOOKMARK [1][-]{section.3.10}{\376\377\000N\000o\000t\000a\000t\000i\000o\000n\000\040\000q\000u\000i\000c\000k\000-\000t\000y\000p\000i\000n\000g\000\040\000\050\000V\000S\000\040\000C\000o\000d\000e\000\040\000u\000n\000i\000c\000o\000d\000e\000\040\000i\000n\000p\000u\000t\000,\000\040\000b\000a\000c\000k\000s\000l\000a\000s\000h\000\040\000p\000r\000e\000f\000i\000x\000\051}{chapter.3}% 82
\BOOKMARK [1][-]{section.3.11}{\376\377\000C\000o\000m\000m\000o\000n\000\040\000g\000o\000t\000c\000h\000a\000s}{chapter.3}% 83
\BOOKMARK [0][-]{chapter.4}{\376\377\000M\000i\000n\000i\000m\000u\000m\000\040\000V\000i\000a\000b\000l\000e\000\040\000T\000a\000c\000t\000i\000c\000\040\000S\000e\000t}{}% 84
\BOOKMARK [1][-]{section.4.1}{\376\377\000W\000h\000y\000\040\000a\000\040\000r\000e\000s\000t\000r\000i\000c\000t\000e\000d\000\040\000s\000e\000t\000\040\000a\000t\000\040\000a\000l\000l}{chapter.4}% 85
\BOOKMARK [1][-]{section.4.2}{\376\377\000T\000h\000e\000\040\000f\000l\000o\000o\000r\000\040\000s\000e\000t}{chapter.4}% 86
\BOOKMARK [1][-]{section.4.3}{\376\377\000E\000x\000p\000l\000i\000c\000i\000t\000l\000y\000\040\000e\000x\000c\000l\000u\000d\000e\000d}{chapter.4}% 87
\BOOKMARK [1][-]{section.4.4}{\376\377\000U\000n\000d\000e\000c\000i\000d\000e\000d}{chapter.4}% 88
\BOOKMARK [1][-]{section.4.5}{\376\377\000D\000i\000s\000c\000o\000v\000e\000r\000y\000\040\000a\000n\000d\000\040\000d\000e\000b\000u\000g\000g\000i\000n\000g\000\040\000t\000o\000o\000l\000s\000\040\040\024\000\040\000n\000o\000t\000\040\000p\000r\000o\000o\000f\000\040\000s\000t\000e\000p\000s}{chapter.4}% 89
\BOOKMARK [1][-]{section.4.6}{\376\377\000E\000m\000p\000i\000r\000i\000c\000a\000l\000\040\000t\000r\000a\000c\000k\000i\000n\000g}{chapter.4}% 90
\BOOKMARK [0][-]{chapter.5}{\376\377\000A\000g\000e\000n\000t\000\040\000a\000n\000d\000\040\000L\000e\000a\000n\000\040\0004\000\040\000P\000i\000p\000e\000l\000i\000n\000e}{}% 91
\BOOKMARK [1][-]{section.5.1}{\376\377\000T\000h\000e\000\040\000l\000o\000o\000p\000,\000\040\000r\000e\000s\000t\000a\000t\000e\000d\000\040\000p\000r\000e\000c\000i\000s\000e\000l\000y}{chapter.5}% 92
\BOOKMARK [1][-]{section.5.2}{\376\377\000C\000a\000n\000d\000i\000d\000a\000t\000e\000\040\000i\000n\000t\000e\000r\000f\000a\000c\000e\000s\000,\000\040\000s\000u\000r\000v\000e\000y\000e\000d}{chapter.5}% 93
\BOOKMARK [1][-]{section.5.3}{\376\377\000T\000h\000e\000\040\000R\000E\000P\000L\000\040\000p\000r\000o\000t\000o\000c\000o\000l\000,\000\040\000c\000o\000n\000c\000r\000e\000t\000e\000l\000y}{chapter.5}% 94
\BOOKMARK [2][-]{subsection.5.3.1}{\376\377\000S\000t\000a\000r\000t\000i\000n\000g\000\040\000a\000\040\000t\000h\000e\000o\000r\000e\000m\000\040\000\050\000c\000o\000m\000m\000a\000n\000d\000\040\000m\000o\000d\000e\000\040\000t\000o\000\040\000t\000a\000c\000t\000i\000c\000\040\000m\000o\000d\000e\000\051}{section.5.3}% 95
\BOOKMARK [2][-]{subsection.5.3.2}{\376\377\000O\000n\000e\000\040\000t\000a\000c\000t\000i\000c\000\040\000s\000t\000e\000p}{section.5.3}% 96
\BOOKMARK [2][-]{subsection.5.3.3}{\376\377\000T\000h\000e\000\040\000e\000r\000r\000o\000r\000\040\000c\000a\000s\000e}{section.5.3}% 97
\BOOKMARK [2][-]{subsection.5.3.4}{\376\377\000B\000a\000c\000k\000t\000r\000a\000c\000k\000i\000n\000g\000\040\000a\000n\000d\000\040\000p\000e\000r\000s\000i\000s\000t\000e\000n\000c\000e}{section.5.3}% 98
\BOOKMARK [1][-]{section.5.4}{\376\377\000D\000a\000t\000a\000\040\000m\000o\000d\000e\000l\000:\000\040\000w\000h\000a\000t\000\040\000g\000e\000t\000s\000\040\000e\000x\000c\000h\000a\000n\000g\000e\000d\000\040\000p\000e\000r\000\040\000s\000t\000e\000p}{chapter.5}% 99
\BOOKMARK [1][-]{section.5.5}{\376\377\000E\000n\000v\000i\000r\000o\000n\000m\000e\000n\000t\000\040\000s\000w\000i\000t\000c\000h\000i\000n\000g\000\040\040\024\000\040\000t\000h\000r\000e\000e\000\040\000d\000i\000s\000t\000i\000n\000c\000t\000\040\000s\000e\000n\000s\000e\000s}{chapter.5}% 100
\BOOKMARK [2][-]{subsection.5.5.1}{\376\377\000T\000o\000o\000l\000c\000h\000a\000i\000n\000/\000p\000r\000o\000j\000e\000c\000t\000\040\000s\000w\000i\000t\000c\000h\000i\000n\000g}{section.5.5}% 101
\BOOKMARK [2][-]{subsection.5.5.2}{\376\377\000S\000e\000s\000s\000i\000o\000n\000/\000s\000t\000a\000t\000e\000\040\000s\000w\000i\000t\000c\000h\000i\000n\000g}{section.5.5}% 102
\BOOKMARK [2][-]{subsection.5.5.3}{\376\377\000I\000n\000t\000e\000r\000f\000a\000c\000e\000\040\000s\000w\000i\000t\000c\000h\000i\000n\000g\000\040\000\050\000h\000u\000m\000a\000n\000\040\000v\000s\000.\000\040\000m\000a\000c\000h\000i\000n\000e\000\051}{section.5.5}% 103
\BOOKMARK [1][-]{section.5.6}{\376\377\000F\000a\000i\000l\000u\000r\000e\000\040\000m\000o\000d\000e\000s\000\040\000a\000t\000\040\000t\000h\000e\000\040\000p\000l\000u\000m\000b\000i\000n\000g\000\040\000l\000e\000v\000e\000l}{chapter.5}% 104
\BOOKMARK [1][-]{section.5.7}{\376\377\000O\000p\000e\000n\000\040\000d\000e\000s\000i\000g\000n\000\040\000d\000e\000c\000i\000s\000i\000o\000n\000s}{chapter.5}% 105
\BOOKMARK [1][-]{section.5.8}{\376\377\000W\000h\000a\000t\000\040\000t\000h\000i\000s\000\040\000d\000o\000c\000\040\000f\000e\000e\000d\000s}{chapter.5}% 106
\BOOKMARK [1][-]{section.5.9}{\376\377\000R\000e\000f\000e\000r\000e\000n\000c\000e\000s}{chapter.5}% 107
\BOOKMARK [0][-]{chapter.6}{\376\377\000M\000o\000b\000i\000l\000e\000-\000C\000a\000p\000a\000b\000l\000e\000\040\000L\000L\000M\000s\000\040\000f\000o\000r\000\040\000M\000a\000t\000h\000e\000m\000a\000t\000i\000c\000a\000l\000\040\000R\000e\000a\000s\000o\000n\000i\000n\000g}{}% 108
\BOOKMARK [1][-]{section.6.1}{\376\377\000T\000h\000e\000\040\000l\000a\000n\000d\000s\000c\000a\000p\000e\000\040\000\050\0002\0000\0002\0006\000\051}{chapter.6}% 109
\BOOKMARK [1][-]{section.6.2}{\376\377\000M\000o\000d\000e\000l\000\040\000c\000h\000o\000i\000c\000e\000:\000\040\000Q\000w\000e\000n\0002\000.\0005\000-\000M\000a\000t\000h\000-\0001\000.\0005\000B\000-\000I\000n\000s\000t\000r\000u\000c\000t}{chapter.6}% 110
\BOOKMARK [0][-]{chapter.7}{\376\377\000T\000h\000e\000\040\000L\000L\000M\000\040\000W\000e\000'\000r\000e\000\040\000U\000s\000i\000n\000g}{}% 111
\BOOKMARK [1][-]{section.7.1}{\376\377\000W\000h\000a\000t\000\040\000t\000h\000e\000\040\000h\000a\000r\000n\000e\000s\000s\000\040\000c\000a\000l\000l\000s}{chapter.7}% 112
\BOOKMARK [1][-]{section.7.2}{\376\377\000I\000t\000\040\000i\000s\000\040\000a\000\040\000c\000o\000n\000s\000t\000a\000n\000t\000,\000\040\000n\000o\000t\000\040\000c\000o\000n\000f\000i\000g\000u\000r\000a\000t\000i\000o\000n}{chapter.7}% 113
\BOOKMARK [1][-]{section.7.3}{\376\377\000S\000t\000a\000t\000u\000s\000:\000\040\000c\000u\000r\000r\000e\000n\000t\000\040\000s\000t\000a\000t\000e\000,\000\040\000n\000o\000t\000\040\000a\000\040\000f\000i\000n\000a\000l\000\040\000c\000h\000o\000i\000c\000e}{chapter.7}% 114
